// Jest Snapshot v1, https://goo.gl/fbAQLP

exports[`Testing <MainPage/> MainPage have rendered correctly 1`] = `ShallowWrapper {}`;